  1) 921D006C34510B86D66912F2C58344AC37A6B88E "Developer ID Application: Joshua Moody"
  2) 183D901090D6545C224BFA3F748D95BE6A5B0D51 "iPhone Developer: wetap.project@gmail.com (B6VQWQMX92)"
  3) 9403D29B7764AAB6CF8A0DF966B6E3B6BD594796 "iPhone Developer: Evelyn Wendel (34Y3CQFCV3)"
  4) 18BF8D467F510BCFCF6A2362DF8893948ACE6F47 "iPhone Developer: Joshua Moody (8QEQJFT59F)"
  5) 18BF8D467F510BCFCF6A2362DF8893948ACE6F47 "iPhone Developer: Joshua Moody (8QEQJFT59F)"
  6) 316B74B2838787366D1E76D33F3E621E5C2FAFB8 "iPhone Developer: Karl Krukow (YTTN6Y2QS9)"
  7) 316B74B2838787366D1E76D33F3E621E5C2FAFB8 "iPhone Developer: Karl Krukow (YTTN6Y2QS9)"
  8) 94577A4A20BFAC604DA7B292926ABE71CE7C05F6 "iPhone Distribution: Karl Krukow (FYD86LA7RE)"
  9) 94577A4A20BFAC604DA7B292926ABE71CE7C05F6 "iPhone Distribution: Karl Krukow (FYD86LA7RE)"
 10) FF46970BF4C91E7B88403EC1CFE723D43ABA64AB "Mac Developer: Karl Krukow (YTTN6Y2QS9)"
 11) FF46970BF4C91E7B88403EC1CFE723D43ABA64AB "Mac Developer: Karl Krukow (YTTN6Y2QS9)"
 12) 18BF8D467F510BCFCF6A2362DF8893948ACE6F47 "iPhone Developer: Joshua Moody (8QEQJFT59F)"
 13) 18BF8D467F510BCFCF6A2362DF8893948ACE6F47 "iPhone Developer: Joshua Moody (8QEQJFT59F)"
 14) 316B74B2838787366D1E76D33F3E621E5C2FAFB8 "iPhone Developer: Karl Krukow (YTTN6Y2QS9)"
 15) 316B74B2838787366D1E76D33F3E621E5C2FAFB8 "iPhone Developer: Karl Krukow (YTTN6Y2QS9)"
 16) 94577A4A20BFAC604DA7B292926ABE71CE7C05F6 "iPhone Distribution: Karl Krukow (FYD86LA7RE)"
 17) 94577A4A20BFAC604DA7B292926ABE71CE7C05F6 "iPhone Distribution: Karl Krukow (FYD86LA7RE)"
 18) FF46970BF4C91E7B88403EC1CFE723D43ABA64AB "Mac Developer: Karl Krukow (YTTN6Y2QS9)"
 19) FF46970BF4C91E7B88403EC1CFE723D43ABA64AB "Mac Developer: Karl Krukow (YTTN6Y2QS9)"
     19 valid identities found
